// Jest Snapshot v1, https://goo.gl/fbAQLP

exports[`Todo component with empty todo object should match expected snapshot 1`] = `
<li>
  Do task1
  <span
    onClick={[Function]}
  >
    âœ“
  </span>
</li>
`;

exports[`Todo component with not empty todo object should match expected snapshot 1`] = `
<li>
  <del>
    Do task1
  </del>
  <span
    onClick={[Function]}
  >
    X
  </span>
</li>
`;
